// Jest Snapshot v1, https://goo.gl/fbAQLP

exports[`<Accordion/> opens and close <Accordion/> component 1`] = `
<div
  class="accordion__Container-sc-l3iym9-0 dYUPLK"
>
  <div
    class="accordion__Inner-sc-l3iym9-2 gnVwEv"
  >
    <h1
      class="accordion__Title-sc-l3iym9-3 gqqwGd"
    >
      Frequently Asked Questions
    </h1>
    <div
      class="accordion__Item-sc-l3iym9-4 ydIJT"
    >
      <div
        class="accordion__Header-sc-l3iym9-5 ffVDRD"
      >
        What is Netflix?
        <img
          alt="Open"
          src="/images/icons/add.png"
        />
      </div>
    </div>
    <div
      class="accordion__Item-sc-l3iym9-4 ydIJT"
    >
      <div
        class="accordion__Header-sc-l3iym9-5 ffVDRD"
      >
        How much does Netflix cost?
        <img
          alt="Open"
          src="/images/icons/add.png"
        />
      </div>
    </div>
    <div
      class="accordion__Item-sc-l3iym9-4 ydIJT"
    >
      <div
        class="accordion__Header-sc-l3iym9-5 ffVDRD"
      >
        Where can I watch?
        <img
          alt="Open"
          src="/images/icons/add.png"
        />
      </div>
    </div>
    <div
      class="accordion__Item-sc-l3iym9-4 ydIJT"
    >
      <div
        class="accordion__Header-sc-l3iym9-5 ffVDRD"
      >
        How do I cancel?
        <img
          alt="Open"
          src="/images/icons/add.png"
        />
      </div>
    </div>
    <div
      class="accordion__Item-sc-l3iym9-4 ydIJT"
    >
      <div
        class="accordion__Header-sc-l3iym9-5 ffVDRD"
      >
        What can I watch on Netflix?
        <img
          alt="Open"
          src="/images/icons/add.png"
        />
      </div>
    </div>
  </div>
</div>
`;

exports[`<Accordion/> render the <Accordion/> 1`] = `
<div
  class="accordion__Container-sc-l3iym9-0 dYUPLK"
>
  <div
    class="accordion__Inner-sc-l3iym9-2 gnVwEv"
  >
    <h1
      class="accordion__Title-sc-l3iym9-3 gqqwGd"
    >
      Frequently Asked Questions
    </h1>
    <div
      class="accordion__Item-sc-l3iym9-4 ydIJT"
    >
      <div
        class="accordion__Header-sc-l3iym9-5 ffVDRD"
      >
        What is Netflix?
        <img
          alt="Open"
          src="/images/icons/add.png"
        />
      </div>
    </div>
    <div
      class="accordion__Item-sc-l3iym9-4 ydIJT"
    >
      <div
        class="accordion__Header-sc-l3iym9-5 ffVDRD"
      >
        How much does Netflix cost?
        <img
          alt="Open"
          src="/images/icons/add.png"
        />
      </div>
    </div>
    <div
      class="accordion__Item-sc-l3iym9-4 ydIJT"
    >
      <div
        class="accordion__Header-sc-l3iym9-5 ffVDRD"
      >
        Where can I watch?
        <img
          alt="Open"
          src="/images/icons/add.png"
        />
      </div>
    </div>
    <div
      class="accordion__Item-sc-l3iym9-4 ydIJT"
    >
      <div
        class="accordion__Header-sc-l3iym9-5 ffVDRD"
      >
        How do I cancel?
        <img
          alt="Open"
          src="/images/icons/add.png"
        />
      </div>
    </div>
    <div
      class="accordion__Item-sc-l3iym9-4 ydIJT"
    >
      <div
        class="accordion__Header-sc-l3iym9-5 ffVDRD"
      >
        What can I watch on Netflix?
        <img
          alt="Open"
          src="/images/icons/add.png"
        />
      </div>
    </div>
  </div>
</div>
`;
