// Jest Snapshot v1, https://goo.gl/fbAQLP

exports[`<Header /> renders the basic <Header /> with a background 1`] = `
<div
  class="header__Background-sc-djltcn-0 bfqtdP"
  data-testid="header-bg"
  src="joker1"
>
  <div
    class="header__Container-sc-djltcn-2 fikcVv"
  >
    <div
      class="header__Group-sc-djltcn-1 gAfTEj"
    >
      <a
        href="/"
      >
        <img
          alt="Netflix"
          class="header__Logo-sc-djltcn-14 ePIjvH"
          src="/logo.svg"
        />
      </a>
      <p
        class="header__Link-sc-djltcn-3 jSjucN"
      >
        Series
      </p>
      <p
        class="header__Link-sc-djltcn-3 jSjucN"
      >
        Films
      </p>
    </div>
    <div
      class="header__Group-sc-djltcn-1 gAfTEj"
    >
      <div
        class="header__Search-sc-djltcn-5 dVGHBx"
      >
        <button
          class="header__SearchIcon-sc-djltcn-6 hBRfQU"
          data-testid="search-click"
        >
          <img
            alt="Search"
            src="/images/icons/search.png"
          />
        </button>
        <input
          class="header__SearchInput-sc-djltcn-4 bXGQIe"
          data-testid="search-input"
          placeholder="Search films and series"
          value="Joker"
        />
      </div>
      <div
        class="header__Profile-sc-djltcn-10 izgxVU"
      >
        <button
          class="header__Picture-sc-djltcn-8 eAMIKA"
          src="/images/users//images/ben.png.png"
        />
        <div
          class="header__Dropdown-sc-djltcn-9 FJnLH"
        >
          <div
            class="header__Group-sc-djltcn-1 gAfTEj"
          >
            <button
              class="header__Picture-sc-djltcn-8 eAMIKA"
              src="/images/users//images/ben.png.png"
            />
            <p
              class="header__Link-sc-djltcn-3 jSjucN"
            >
              Ben Sahagun
            </p>
          </div>
          <div
            class="header__Group-sc-djltcn-1 gAfTEj"
          >
            <p
              class="header__Link-sc-djltcn-3 jSjucN"
            >
              Sign out
            </p>
          </div>
        </div>
      </div>
    </div>
  </div>
  <div
    class="header__Container-sc-djltcn-2 header__Feature-sc-djltcn-11 fikcVv bgNrds"
  >
    <h2
      class="header__FeatureCallOut-sc-djltcn-12 cLSCwu"
    >
      Watch Joker Now
    </h2>
    <p
      class="header__Text-sc-djltcn-13 bUZtfe"
    >
      Forever alone in a crowd..
    </p>
    <button
      class="header__PlayButton-sc-djltcn-16 iwcPFQ"
    >
      Play
    </button>
  </div>
</div>
`;

exports[`<Header /> renders the basic <Header /> without a background 1`] = `
<div
  class="header__Container-sc-djltcn-2 fikcVv"
>
  <a
    href="/"
  >
    <img
      alt="Netflix"
      class="header__Logo-sc-djltcn-14 ePIjvH"
      src="/logo.svg"
    />
  </a>
  <a
    class="header__ButtonLink-sc-djltcn-7 jrGLMv"
    href="/"
  >
    Sign In
  </a>
  <p
    class="header__Link-sc-djltcn-3 jSjucN"
  >
    Hello
  </p>
</div>
`;
